
Nathan@Nathan-PC MINGW64 ~
$ git config --global user.name Nathan Lefebvre

Nathan@Nathan-PC MINGW64 ~
$ git config --global user.email mountnview@yahoo.com

Nathan@Nathan-PC MINGW64 ~
$ git config --global --list
user.name=Nathan
user.email=mountnview@yahoo.com

Nathan@Nathan-PC MINGW64 ~
$ git config --global user.name Nathan_Lefebvre

Nathan@Nathan-PC MINGW64 ~
$ git config --global --list
user.name=Nathan_Lefebvre
user.email=mountnview@yahoo.com

Nathan@Nathan-PC MINGW64 ~
$ clor.ui
bash: clor.ui: command not found

Nathan@Nathan-PC MINGW64 ~
$ color.ui
bash: color.ui: command not found

Nathan@Nathan-PC MINGW64 ~
$ git config --global color.ui "auto"

Nathan@Nathan-PC MINGW64 ~
$ mkdir gittest

Nathan@Nathan-PC MINGW64 ~
$ cd gittest

Nathan@Nathan-PC MINGW64 ~/gittest
$ git init
Initialized empty Git repository in C:/Users/Nathan/gittest/.git/

Nathan@Nathan-PC MINGW64 ~/gittest (master)
$ md index.html
bash: md: command not found

Nathan@Nathan-PC MINGW64 ~/gittest (master)
$ git add index.html
fatal: pathspec 'index.html' did not match any files

Nathan@Nathan-PC MINGW64 ~/gittest (master)
$ git add .

Nathan@Nathan-PC MINGW64 ~/gittest (master)
$ git aboutMe.txt
git: 'aboutMe.txt' is not a git command. See 'git --help'.

Nathan@Nathan-PC MINGW64 ~/gittest (master)
$ get --help
bash: get: command not found

Nathan@Nathan-PC MINGW64 ~/gittest (master)
$ git --help
usage: git [--version] [--help] [-C <path>] [-c name=value]
           [--exec-path[=<path>]] [--html-path] [--man-path] [--info-path]
           [-p | --paginate | --no-pager] [--no-replace-objects] [--bare]
           [--git-dir=<path>] [--work-tree=<path>] [--namespace=<name>]
           <command> [<args>]

These are common Git commands used in various situations:

start a working area (see also: git help tutorial)
   clone      Clone a repository into a new directory
   init       Create an empty Git repository or reinitialize an existing one

work on the current change (see also: git help everyday)
   add        Add file contents to the index
   mv         Move or rename a file, a directory, or a symlink
   reset      Reset current HEAD to the specified state
   rm         Remove files from the working tree and from the index

examine the history and state (see also: git help revisions)
   bisect     Use binary search to find the commit that introduced a bug
   grep       Print lines matching a pattern
   log        Show commit logs
   show       Show various types of objects
   status     Show the working tree status

grow, mark and tweak your common history
   branch     List, create, or delete branches
   checkout   Switch branches or restore working tree files
   commit     Record changes to the repository
   diff       Show changes between commits, commit and working tree, etc
   merge      Join two or more development histories together
   rebase     Reapply commits on top of another base tip
   tag        Create, list, delete or verify a tag object signed with GPG

collaborate (see also: git help workflows)
   fetch      Download objects and refs from another repository
   pull       Fetch from and integrate with another repository or a local branch
   push       Update remote refs along with associated objects

'git help -a' and 'git help -g' list available subcommands and some
concept guides. See 'git help <command>' or 'git help <concept>'
to read about a specific subcommand or concept.

Nathan@Nathan-PC MINGW64 ~/gittest (master)
$ git add aboutMe.txt
fatal: pathspec 'aboutMe.txt' did not match any files

Nathan@Nathan-PC MINGW64 ~/gittest (master)
$ git add aboutMe.txt
fatal: pathspec 'aboutMe.txt' did not match any files

Nathan@Nathan-PC MINGW64 ~/gittest (master)
$ git status
On branch master

Initial commit

nothing to commit (create/copy files and use "git add" to track)

Nathan@Nathan-PC MINGW64 ~/gittest (master)
$ add aboutme.txt
bash: add: command not found

Nathan@Nathan-PC MINGW64 ~/gittest (master)
$ git add .aboutMe.txt
fatal: pathspec '.aboutMe.txt' did not match any files

Nathan@Nathan-PC MINGW64 ~/gittest (master)
$ git branch

Nathan@Nathan-PC MINGW64 ~/gittest (master)
$ git branch aboutMe.txt
fatal: Not a valid object name: 'master'.

Nathan@Nathan-PC MINGW64 ~/gittest (master)
$ git commit "updated aboutMe"
error: pathspec 'updated aboutMe' did not match any file(s) known to git.

Nathan@Nathan-PC MINGW64 ~/gittest (master)
$ git commit updated aboutMe.txt
error: pathspec 'updated' did not match any file(s) known to git.
error: pathspec 'aboutMe.txt' did not match any file(s) known to git.

Nathan@Nathan-PC MINGW64 ~/gittest (master)
$ get commit
bash: get: command not found

Nathan@Nathan-PC MINGW64 ~/gittest (master)
$ git commit
On branch master

Initial commit

nothing to commit

Nathan@Nathan-PC MINGW64 ~/gittest (master)
$ git commit 'updated aboutMe'
error: pathspec 'updated aboutMe' did not match any file(s) known to git.

Nathan@Nathan-PC MINGW64 ~/gittest (master)
$ git checkout
fatal: You are on a branch yet to be born

Nathan@Nathan-PC MINGW64 ~/gittest (master)
$ git branch aboutMe.txt
fatal: Not a valid object name: 'master'.

Nathan@Nathan-PC MINGW64 ~/gittest (master)
$ git branch

Nathan@Nathan-PC MINGW64 ~/gittest (master)
$ git log
fatal: your current branch 'master' does not have any commits yet

Nathan@Nathan-PC MINGW64 ~/gittest (master)
$ Name: Nathan Lefebvre
Favorite TV Show: Game of Thrones
Favorite Quote:
“There must first be darkness to see the stars.”
- MLKbash: Name:: command not found

Nathan@Nathan-PC MINGW64 ~/gittest (master)
$ Project Goal: Master Git!
bash: Project: command not found

Nathan@Nathan-PC MINGW64 ~/gittest (master)
$ Favorite TV Show: Game of Thrones
bash: Favorite: command not found

Nathan@Nathan-PC MINGW64 ~/gittest (master)
$ Favorite Quote:
bash: Favorite: command not found

Nathan@Nathan-PC MINGW64 ~/gittest (master)
$ “There must first be darkness to see the stars.”
bash: “There: command not found

Nathan@Nathan-PC MINGW64 ~/gittest (master)
$ - MLK
bash: -: command not found

Nathan@Nathan-PC MINGW64 ~/gittest (master)
$ cd aboutMe.txt
bash: cd: aboutMe.txt: No such file or directory

Nathan@Nathan-PC MINGW64 ~/gittest (master)
$ mkdir
mkdir: missing operand
Try 'mkdir --help' for more information.

Nathan@Nathan-PC MINGW64 ~/gittest (master)
$ mk dir aboutMe.txt
bash: mk: command not found

Nathan@Nathan-PC MINGW64 ~/gittest (master)
$ git cd aboutMe.txt
git: 'cd' is not a git command. See 'git --help'.

The most similar command is
        add

Nathan@Nathan-PC MINGW64 ~/gittest (master)
$ mkdir aboutMe.txt

Nathan@Nathan-PC MINGW64 ~/gittest (master)
$ Name: Nathan Lefebvre
Favorite TV Show: Game of Thrones
Favorite Quote:
“There must first be darkness to see the stars.”
- MLKbash: Name:: command not found

Nathan@Nathan-PC MINGW64 ~/gittest (master)
$ Project Goal: Master Git!
bash: Project: command not found

Nathan@Nathan-PC MINGW64 ~/gittest (master)
$ Favorite TV Show: Game of Thrones
bash: Favorite: command not found

Nathan@Nathan-PC MINGW64 ~/gittest (master)
$ Favorite Quote:
bash: Favorite: command not found

Nathan@Nathan-PC MINGW64 ~/gittest (master)
$ “There must first be darkness to see the stars.”
bash: “There: command not found

Nathan@Nathan-PC MINGW64 ~/gittest (master)
$ - MLK
bash: -: command not found

Nathan@Nathan-PC MINGW64 ~/gittest (master)
$ cd Name: Nathan Lefebvre
bash: cd: too many arguments

Nathan@Nathan-PC MINGW64 ~/gittest (master)
$ git init
Reinitialized existing Git repository in C:/Users/Nathan/gittest/.git/

Nathan@Nathan-PC MINGW64 ~/gittest (master)
$ touch index.html

Nathan@Nathan-PC MINGW64 ~/gittest (master)
$ touch style.css

Nathan@Nathan-PC MINGW64 ~/gittest (master)
$ touch aboutMe.txt

Nathan@Nathan-PC MINGW64 ~/gittest (master)
$ git status
On branch master

Initial commit

Untracked files:
  (use "git add <file>..." to include in what will be committed)

        index.html
        style.css

nothing added to commit but untracked files present (use "git add" to track)

Nathan@Nathan-PC MINGW64 ~/gittest (master)
$ git add .

Nathan@Nathan-PC MINGW64 ~/gittest (master)
$ git commit -m "updated aboutme.txt"
[master (root-commit) 7397632] updated aboutme.txt
 2 files changed, 0 insertions(+), 0 deletions(-)
 create mode 100644 index.html
 create mode 100644 style.css

Nathan@Nathan-PC MINGW64 ~/gittest (master)
$ git commit -m "added favorite move to about me"
On branch master
nothing to commit, working tree clean

Nathan@Nathan-PC MINGW64 ~/gittest (master)
$ git commit -m "changed favorite movie to book"
On branch master
nothing to commit, working tree clean

Nathan@Nathan-PC MINGW64 ~/gittest (master)
$ git remote add origin https://github.com/Mountnview/gittest.git

Nathan@Nathan-PC MINGW64 ~/gittest (master)
$ git push -u origin master
